\BOOKMARK [1][-]{section.1}{\376\377\004\022\004\112\004\062\004\065\004\064\004\065\004\075\004\070\004\065}{}% 1
\BOOKMARK [1][-]{section.2}{\376\377\004\020\004\100\004\105\004\070\004\102\004\065\004\072\004\102\004\103\004\100\004\060\000\040\004\075\004\060\000\040\004\077\004\100\004\076\004\065\004\072\004\102\004\060\000\040\004\070\000\040\004\072\004\060\004\100\004\102\004\060\000\040\004\075\004\060\000\040\004\101\004\060\004\071\004\102\004\060}{}% 2
\BOOKMARK [2][-]{subsection.2.1}{\376\377\004\044\004\060\004\071\004\073\004\076\004\062\004\060\000\040\004\076\004\100\004\063\004\060\004\075\004\070\004\067\004\060\004\106\004\070\004\117}{section.2}% 3
\BOOKMARK [1][-]{section.3}{\376\377\004\022\004\070\004\067\004\103\004\060\004\073\004\075\004\060\000\040\004\072\004\076\004\075\004\106\004\065\004\077\004\106\004\070\004\117\000\040\004\070\000\040\004\064\004\070\004\067\004\060\004\071\004\075\004\065\004\100\004\101\004\072\004\070\000\040\004\100\004\065\004\110\004\065\004\075\004\070\004\117}{}% 4
\BOOKMARK [1][-]{section.4}{\376\377\004\035\004\060\004\107\004\060\004\073\004\075\004\060\000\040\004\101\004\065\004\072\004\106\004\070\004\117\000\040\000H\000o\000m\000e}{}% 5
\BOOKMARK [2][-]{subsection.4.1}{\376\377\000H\000T\000M\000L\000\040\004\100\004\065\004\060\004\073\004\070\004\067\004\060\004\106\004\070\004\117}{section.4}% 6
\BOOKMARK [2][-]{subsection.4.2}{\376\377\000C\000S\000S\000\040\004\076\004\104\004\076\004\100\004\074\004\073\004\065\004\075\004\070\004\065}{section.4}% 7
\BOOKMARK [2][-]{subsection.4.3}{\376\377\000R\000e\000a\000c\000t\000\040\004\073\004\076\004\063\004\070\004\072\004\060}{section.4}% 8
\BOOKMARK [2][-]{subsection.4.4}{\376\377\000J\000a\000v\000a\000S\000c\000r\000i\000p\000t\000\040\004\077\004\076\004\062\004\065\004\064\004\065\004\075\004\070\004\065}{section.4}% 9
\BOOKMARK [1][-]{section.5}{\376\377\004\041\004\065\004\072\004\106\004\070\004\117\000\040\000A\000b\000o\000u\000t}{}% 10
\BOOKMARK [2][-]{subsection.5.1}{\376\377\000H\000T\000M\000L\000\040\004\101\004\102\004\100\004\103\004\072\004\102\004\103\004\100\004\060}{section.5}% 11
\BOOKMARK [2][-]{subsection.5.2}{\376\377\000C\000S\000S\000\040\004\070\000\040\004\060\004\064\004\060\004\077\004\102\004\070\004\062\004\075\004\076\004\101\004\102}{section.5}% 12
\BOOKMARK [1][-]{section.6}{\376\377\004\041\004\065\004\072\004\106\004\070\004\117\000\040\000C\000e\000r\000t\000i\000f\000i\000c\000a\000t\000e\000s}{}% 13
\BOOKMARK [2][-]{subsection.6.1}{\376\377\000H\000T\000M\000L\000\040\004\101\004\102\004\100\004\103\004\072\004\102\004\103\004\100\004\060}{section.6}% 14
\BOOKMARK [2][-]{subsection.6.2}{\376\377\000J\000a\000v\000a\000S\000c\000r\000i\000p\000t\000\040\004\072\004\076\004\075\004\104\004\070\004\063\004\103\004\100\004\060\004\106\004\070\004\117}{section.6}% 15
\BOOKMARK [2][-]{subsection.6.3}{\376\377\000C\000S\000S\000\040\004\076\004\104\004\076\004\100\004\074\004\073\004\065\004\075\004\070\004\065}{section.6}% 16
\BOOKMARK [1][-]{section.7}{\376\377\004\041\004\065\004\072\004\106\004\070\004\117\000\040\000C\000o\000n\000t\000a\000c\000t\000s}{}% 17
\BOOKMARK [2][-]{subsection.7.1}{\376\377\000H\000T\000M\000L\000\040\004\101\004\102\004\100\004\103\004\072\004\102\004\103\004\100\004\060}{section.7}% 18
\BOOKMARK [2][-]{subsection.7.2}{\376\377\000C\000S\000S\000\040\004\076\004\104\004\076\004\100\004\074\004\073\004\065\004\075\004\070\004\065}{section.7}% 19
\BOOKMARK [2][-]{subsection.7.3}{\376\377\000J\000a\000v\000a\000S\000c\000r\000i\000p\000t\000\040\004\070\004\075\004\102\004\065\004\100\004\060\004\072\004\106\004\070\004\117}{section.7}% 20
\BOOKMARK [1][-]{section.8}{\376\377\004\035\004\060\004\062\004\070\004\063\004\060\004\106\004\070\004\117\000,\000\040\004\101\004\072\004\100\004\076\004\073\000\040\004\073\004\076\004\063\004\070\004\072\004\060\000\040\004\070\000\040\004\074\004\076\004\061\004\070\004\073\004\075\004\076\000\040\004\074\004\065\004\075\004\116}{}% 21
\BOOKMARK [2][-]{subsection.8.1}{\376\377\000H\000T\000M\000L\000\040\004\101\004\102\004\100\004\103\004\072\004\102\004\103\004\100\004\060}{section.8}% 22
\BOOKMARK [2][-]{subsection.8.2}{\376\377\000J\000a\000v\000a\000S\000c\000r\000i\000p\000t\000\040\004\077\004\100\004\070\000\040\004\101\004\072\004\100\004\076\004\073}{section.8}% 23
\BOOKMARK [2][-]{subsection.8.3}{\376\377\000C\000S\000S\000\040\004\060\004\075\004\070\004\074\004\060\004\106\004\070\004\117\000\040\004\075\004\060\000\040\004\074\004\076\004\061\004\070\004\073\004\075\004\076\004\102\004\076\000\040\004\074\004\065\004\075\004\116}{section.8}% 24
\BOOKMARK [1][-]{section.9}{\376\377\004\020\004\064\004\060\004\077\004\102\004\070\004\062\004\075\004\076\004\101\004\102\000,\000\040\004\064\004\076\004\101\004\102\004\112\004\077\004\075\004\076\004\101\004\102\000\040\004\070\000\040\004\070\004\075\004\066\004\065\004\075\004\065\004\100\004\075\004\070\000\040\004\070\004\067\004\062\004\076\004\064\004\070}{}% 25
\BOOKMARK [1][-]{section.10}{\376\377\004\027\004\060\004\072\004\073\004\116\004\107\004\065\004\075\004\070\004\065}{}% 26
